[2020-12-16T13:48:36.338+0000][1][gc] Using G1
[2020-12-16T13:48:36.368+0000][1][gc,init] Version: 15.0.1+9 (release)
[2020-12-16T13:48:36.371+0000][1][gc,init] CPUs: 2 total, 2 available
[2020-12-16T13:48:36.380+0000][1][gc,init] Memory: 1961M
[2020-12-16T13:48:36.385+0000][1][gc,init] Large Page Support: Disabled
[2020-12-16T13:48:36.395+0000][1][gc,init] NUMA Support: Disabled
[2020-12-16T13:48:36.404+0000][1][gc,init] Compressed Oops: Enabled (32-bit)
[2020-12-16T13:48:36.407+0000][1][gc,init] Heap Region Size: 1M
[2020-12-16T13:48:36.413+0000][1][gc,init] Heap Min Capacity: 512M
[2020-12-16T13:48:36.415+0000][1][gc,init] Heap Initial Capacity: 512M
[2020-12-16T13:48:36.417+0000][1][gc,init] Heap Max Capacity: 512M
[2020-12-16T13:48:36.419+0000][1][gc,init] Pre-touch: Disabled
[2020-12-16T13:48:36.452+0000][1][gc,init] Parallel Workers: 2
[2020-12-16T13:48:36.488+0000][1][gc,init] Concurrent Workers: 1
[2020-12-16T13:48:36.571+0000][1][gc,init] Concurrent Refinement Workers: 2
[2020-12-16T13:48:36.632+0000][1][gc,init] Periodic GC: Disabled
[2020-12-16T13:48:36.673+0000][1][gc,cds ] Mark closed archive regions in map: [0x00000000fff00000, 0x00000000fff7bff8]
[2020-12-16T13:48:36.682+0000][1][gc,cds ] Mark open archive regions in map: [0x00000000ffe00000, 0x00000000ffe51ff8]
[2020-12-16T13:48:36.686+0000][1][gc,metaspace] CDS archive(s) mapped at: [0x0000000800000000-0x0000000800b2a000-0x0000000800b2a000), size 11706368, SharedBaseAddress: 0x0000000800000000, ArchiveRelocationMode: 0.
[2020-12-16T13:48:36.715+0000][1][gc,metaspace] Compressed class space mapped at: 0x0000000800b2c000-0x0000000840b2c000, size: 1073741824
[2020-12-16T13:48:36.717+0000][1][gc,metaspace] Narrow klass base: 0x0000000800000000, Narrow klass shift: 3, Narrow klass range: 0x100000000
[2020-12-16T13:48:37.912+0000][1][safepoint   ] Safepoint "Cleanup", Time since last: 1183451900 ns, Reaching safepoint: 229700 ns, At safepoint: 2900 ns, Total: 232600 ns
[2020-12-16T13:48:38.725+0000][1][gc,start    ] GC(0) Pause Young (Normal) (G1 Evacuation Pause)
[2020-12-16T13:48:38.735+0000][1][gc,task     ] GC(0) Using 2 workers of 2 for evacuation
[2020-12-16T13:48:38.741+0000][1][gc,age      ] GC(0) Desired survivor size 2097152 bytes, new threshold 15 (max threshold 15)
[2020-12-16T13:48:38.783+0000][1][gc,age      ] GC(0) Age table with threshold 15 (max threshold 15)
[2020-12-16T13:48:38.784+0000][1][gc,age      ] GC(0) - age   1:    3591064 bytes,    3591064 total
[2020-12-16T13:48:38.786+0000][1][gc,phases   ] GC(0)   Pre Evacuate Collection Set: 0.2ms
[2020-12-16T13:48:38.787+0000][1][gc,phases   ] GC(0)   Merge Heap Roots: 0.2ms
[2020-12-16T13:48:38.793+0000][1][gc,phases   ] GC(0)   Evacuate Collection Set: 34.9ms
[2020-12-16T13:48:38.794+0000][1][gc,phases   ] GC(0)   Post Evacuate Collection Set: 1.1ms
[2020-12-16T13:48:38.796+0000][1][gc,phases   ] GC(0)   Other: 24.8ms
[2020-12-16T13:48:38.801+0000][1][gc,heap     ] GC(0) Eden regions: 25->0(21)
[2020-12-16T13:48:38.803+0000][1][gc,heap     ] GC(0) Survivor regions: 0->4(4)
[2020-12-16T13:48:38.805+0000][1][gc,heap     ] GC(0) Old regions: 0->3
[2020-12-16T13:48:38.806+0000][1][gc,heap     ] GC(0) Archive regions: 2->2
[2020-12-16T13:48:38.810+0000][1][gc,heap     ] GC(0) Humongous regions: 1->1
[2020-12-16T13:48:38.811+0000][1][gc,metaspace] GC(0) Metaspace: 7735K(8576K)->7735K(8576K) NonClass: 6906K(7680K)->6906K(7680K) Class: 828K(896K)->828K(896K)
[2020-12-16T13:48:38.813+0000][1][gc          ] GC(0) Pause Young (Normal) (G1 Evacuation Pause) 26M->8M(512M) 87.767ms
[2020-12-16T13:48:38.814+0000][1][gc,cpu      ] GC(0) User=0.04s Sys=0.01s Real=0.09s
[2020-12-16T13:48:38.816+0000][1][safepoint   ] Safepoint "G1CollectForAllocation", Time since last: 812106600 ns, Reaching safepoint: 531300 ns, At safepoint: 91057800 ns, Total: 91589100 ns
[2020-12-16T13:48:40.199+0000][1][safepoint   ] Safepoint "Cleanup", Time since last: 1382988200 ns, Reaching safepoint: 249700 ns, At safepoint: 3400 ns, Total: 253100 ns
[2020-12-16T13:48:40.672+0000][1][gc,start    ] GC(1) Pause Young (Normal) (G1 Evacuation Pause)
[2020-12-16T13:48:40.673+0000][1][gc,task     ] GC(1) Using 2 workers of 2 for evacuation
[2020-12-16T13:48:40.676+0000][1][gc,age      ] GC(1) Desired survivor size 2097152 bytes, new threshold 1 (max threshold 15)
[2020-12-16T13:48:40.701+0000][1][gc,age      ] GC(1) Age table with threshold 1 (max threshold 15)
[2020-12-16T13:48:40.702+0000][1][gc,age      ] GC(1) - age   1:    2696184 bytes,    2696184 total
[2020-12-16T13:48:40.703+0000][1][gc,phases   ] GC(1)   Pre Evacuate Collection Set: 0.3ms
[2020-12-16T13:48:40.704+0000][1][gc,phases   ] GC(1)   Merge Heap Roots: 0.1ms
[2020-12-16T13:48:40.705+0000][1][gc,phases   ] GC(1)   Evacuate Collection Set: 22.5ms
[2020-12-16T13:48:40.706+0000][1][gc,phases   ] GC(1)   Post Evacuate Collection Set: 1.0ms
[2020-12-16T13:48:40.708+0000][1][gc,phases   ] GC(1)   Other: 7.8ms
[2020-12-16T13:48:40.710+0000][1][gc,heap     ] GC(1) Eden regions: 21->0(22)
[2020-12-16T13:48:40.711+0000][1][gc,heap     ] GC(1) Survivor regions: 4->3(4)
[2020-12-16T13:48:40.712+0000][1][gc,heap     ] GC(1) Old regions: 3->7
[2020-12-16T13:48:40.713+0000][1][gc,heap     ] GC(1) Archive regions: 2->2
[2020-12-16T13:48:40.714+0000][1][gc,heap     ] GC(1) Humongous regions: 1->1
[2020-12-16T13:48:40.716+0000][1][gc,metaspace] GC(1) Metaspace: 12537K(13184K)->12537K(13184K) NonClass: 11073K(11520K)->11073K(11520K) Class: 1464K(1664K)->1464K(1664K)
[2020-12-16T13:48:40.717+0000][1][gc          ] GC(1) Pause Young (Normal) (G1 Evacuation Pause) 29M->11M(512M) 45.501ms
[2020-12-16T13:48:40.718+0000][1][gc,cpu      ] GC(1) User=0.05s Sys=0.01s Real=0.04s
[2020-12-16T13:48:40.720+0000][1][safepoint   ] Safepoint "G1CollectForAllocation", Time since last: 472001400 ns, Reaching safepoint: 327400 ns, At safepoint: 48557300 ns, Total: 48884700 ns
[2020-12-16T13:48:41.148+0000][1][gc,start    ] GC(2) Pause Young (Normal) (G1 Evacuation Pause)
[2020-12-16T13:48:41.149+0000][1][gc,task     ] GC(2) Using 2 workers of 2 for evacuation
[2020-12-16T13:48:41.150+0000][1][gc,age      ] GC(2) Desired survivor size 2097152 bytes, new threshold 1 (max threshold 15)
[2020-12-16T13:48:41.161+0000][1][gc,age      ] GC(2) Age table with threshold 1 (max threshold 15)
[2020-12-16T13:48:41.162+0000][1][gc,age      ] GC(2) - age   1:     170456 bytes,     170456 total
[2020-12-16T13:48:41.163+0000][1][gc,phases   ] GC(2)   Pre Evacuate Collection Set: 0.3ms
[2020-12-16T13:48:41.170+0000][1][gc,phases   ] GC(2)   Merge Heap Roots: 0.1ms
[2020-12-16T13:48:41.171+0000][1][gc,phases   ] GC(2)   Evacuate Collection Set: 7.8ms
[2020-12-16T13:48:41.172+0000][1][gc,phases   ] GC(2)   Post Evacuate Collection Set: 1.2ms
[2020-12-16T13:48:41.176+0000][1][gc,phases   ] GC(2)   Other: 5.8ms
[2020-12-16T13:48:41.177+0000][1][gc,heap     ] GC(2) Eden regions: 22->0(38)
[2020-12-16T13:48:41.178+0000][1][gc,heap     ] GC(2) Survivor regions: 3->1(4)
[2020-12-16T13:48:41.179+0000][1][gc,heap     ] GC(2) Old regions: 7->9
[2020-12-16T13:48:41.180+0000][1][gc,heap     ] GC(2) Archive regions: 2->2
[2020-12-16T13:48:41.181+0000][1][gc,heap     ] GC(2) Humongous regions: 1->1
[2020-12-16T13:48:41.182+0000][1][gc,metaspace] GC(2) Metaspace: 13746K(14336K)->13746K(14336K) NonClass: 12148K(12544K)->12148K(12544K) Class: 1598K(1792K)->1598K(1792K)
[2020-12-16T13:48:41.184+0000][1][gc          ] GC(2) Pause Young (Normal) (G1 Evacuation Pause) 33M->10M(512M) 35.755ms
[2020-12-16T13:48:41.185+0000][1][gc,cpu      ] GC(2) User=0.02s Sys=0.01s Real=0.04s
[2020-12-16T13:48:41.186+0000][1][safepoint   ] Safepoint "G1CollectForAllocation", Time since last: 427555800 ns, Reaching safepoint: 133900 ns, At safepoint: 38267900 ns, Total: 38401800 ns
[2020-12-16T13:48:41.554+0000][1][gc,start    ] GC(3) Pause Young (Normal) (G1 Evacuation Pause)
[2020-12-16T13:48:41.556+0000][1][gc,task     ] GC(3) Using 2 workers of 2 for evacuation
[2020-12-16T13:48:41.559+0000][1][gc,age      ] GC(3) Desired survivor size 2621440 bytes, new threshold 15 (max threshold 15)
[2020-12-16T13:48:41.581+0000][1][gc,age      ] GC(3) Age table with threshold 15 (max threshold 15)
[2020-12-16T13:48:41.583+0000][1][gc,age      ] GC(3) - age   1:    3284048 bytes,    3284048 total
[2020-12-16T13:48:41.584+0000][1][gc,age      ] GC(3) - age   2:     161296 bytes,    3445344 total
[2020-12-16T13:48:41.585+0000][1][gc,phases   ] GC(3)   Pre Evacuate Collection Set: 0.2ms
[2020-12-16T13:48:41.586+0000][1][gc,phases   ] GC(3)   Merge Heap Roots: 0.1ms
[2020-12-16T13:48:41.587+0000][1][gc,phases   ] GC(3)   Evacuate Collection Set: 20.2ms
[2020-12-16T13:48:41.589+0000][1][gc,phases   ] GC(3)   Post Evacuate Collection Set: 0.6ms
[2020-12-16T13:48:41.592+0000][1][gc,phases   ] GC(3)   Other: 9.4ms
[2020-12-16T13:48:41.593+0000][1][gc,heap     ] GC(3) Eden regions: 38->0(58)
[2020-12-16T13:48:41.594+0000][1][gc,heap     ] GC(3) Survivor regions: 1->4(5)
[2020-12-16T13:48:41.595+0000][1][gc,heap     ] GC(3) Old regions: 9->9
[2020-12-16T13:48:41.596+0000][1][gc,heap     ] GC(3) Archive regions: 2->2
[2020-12-16T13:48:41.598+0000][1][gc,heap     ] GC(3) Humongous regions: 1->1
[2020-12-16T13:48:41.602+0000][1][gc,metaspace] GC(3) Metaspace: 14331K(14848K)->14331K(14848K) NonClass: 12678K(13056K)->12678K(13056K) Class: 1652K(1792K)->1652K(1792K)
[2020-12-16T13:48:41.603+0000][1][gc          ] GC(3) Pause Young (Normal) (G1 Evacuation Pause) 48M->13M(512M) 49.007ms
[2020-12-16T13:48:41.604+0000][1][gc,cpu      ] GC(3) User=0.06s Sys=0.01s Real=0.05s
[2020-12-16T13:48:41.606+0000][1][safepoint   ] Safepoint "G1CollectForAllocation", Time since last: 368025200 ns, Reaching safepoint: 209500 ns, At safepoint: 51861800 ns, Total: 52071300 ns
[2020-12-16T13:48:41.962+0000][1][gc,start    ] GC(4) Pause Young (Normal) (G1 Evacuation Pause)
[2020-12-16T13:48:41.963+0000][1][gc,task     ] GC(4) Using 2 workers of 2 for evacuation
[2020-12-16T13:48:41.964+0000][1][gc,age      ] GC(4) Desired survivor size 4194304 bytes, new threshold 15 (max threshold 15)
[2020-12-16T13:48:41.974+0000][1][gc,age      ] GC(4) Age table with threshold 15 (max threshold 15)
[2020-12-16T13:48:41.976+0000][1][gc,age      ] GC(4) - age   1:     232272 bytes,     232272 total
[2020-12-16T13:48:41.976+0000][1][gc,age      ] GC(4) - age   2:      98488 bytes,     330760 total
[2020-12-16T13:48:41.977+0000][1][gc,age      ] GC(4) - age   3:     161296 bytes,     492056 total
[2020-12-16T13:48:41.978+0000][1][gc,phases   ] GC(4)   Pre Evacuate Collection Set: 0.2ms
[2020-12-16T13:48:41.979+0000][1][gc,phases   ] GC(4)   Merge Heap Roots: 0.1ms
[2020-12-16T13:48:41.980+0000][1][gc,phases   ] GC(4)   Evacuate Collection Set: 6.0ms
[2020-12-16T13:48:41.980+0000][1][gc,phases   ] GC(4)   Post Evacuate Collection Set: 2.3ms
[2020-12-16T13:48:41.981+0000][1][gc,phases   ] GC(4)   Other: 7.3ms
[2020-12-16T13:48:41.982+0000][1][gc,heap     ] GC(4) Eden regions: 58->0(306)
[2020-12-16T13:48:41.983+0000][1][gc,heap     ] GC(4) Survivor regions: 4->1(8)
[2020-12-16T13:48:41.983+0000][1][gc,heap     ] GC(4) Old regions: 9->9
[2020-12-16T13:48:41.984+0000][1][gc,heap     ] GC(4) Archive regions: 2->2
[2020-12-16T13:48:41.986+0000][1][gc,heap     ] GC(4) Humongous regions: 1->1
[2020-12-16T13:48:41.987+0000][1][gc,metaspace] GC(4) Metaspace: 14473K(15104K)->14473K(15104K) NonClass: 12813K(13312K)->12813K(13312K) Class: 1659K(1792K)->1659K(1792K)
[2020-12-16T13:48:41.988+0000][1][gc          ] GC(4) Pause Young (Normal) (G1 Evacuation Pause) 71M->10M(512M) 25.940ms
[2020-12-16T13:48:41.991+0000][1][gc,cpu      ] GC(4) User=0.02s Sys=0.01s Real=0.02s
[2020-12-16T13:48:41.993+0000][1][safepoint   ] Safepoint "G1CollectForAllocation", Time since last: 355586500 ns, Reaching safepoint: 212200 ns, At safepoint: 30918400 ns, Total: 31130600 ns
[2020-12-16T13:48:43.244+0000][1][gc,start    ] GC(5) Pause Young (Concurrent Start) (Metadata GC Threshold)
[2020-12-16T13:48:43.245+0000][1][gc,task     ] GC(5) Using 2 workers of 2 for evacuation
[2020-12-16T13:48:43.246+0000][1][gc,age      ] GC(5) Desired survivor size 20447232 bytes, new threshold 15 (max threshold 15)
[2020-12-16T13:48:43.261+0000][1][gc,age      ] GC(5) Age table with threshold 15 (max threshold 15)
[2020-12-16T13:48:43.262+0000][1][gc,age      ] GC(5) - age   1:    1753712 bytes,    1753712 total
[2020-12-16T13:48:43.263+0000][1][gc,age      ] GC(5) - age   2:      27192 bytes,    1780904 total
[2020-12-16T13:48:43.264+0000][1][gc,age      ] GC(5) - age   3:      89376 bytes,    1870280 total
[2020-12-16T13:48:43.266+0000][1][gc,age      ] GC(5) - age   4:     160168 bytes,    2030448 total
[2020-12-16T13:48:43.267+0000][1][gc,phases   ] GC(5)   Pre Evacuate Collection Set: 0.4ms
[2020-12-16T13:48:43.268+0000][1][gc,phases   ] GC(5)   Merge Heap Roots: 0.1ms
[2020-12-16T13:48:43.269+0000][1][gc,phases   ] GC(5)   Evacuate Collection Set: 9.3ms
[2020-12-16T13:48:43.270+0000][1][gc,phases   ] GC(5)   Post Evacuate Collection Set: 3.1ms
[2020-12-16T13:48:43.271+0000][1][gc,phases   ] GC(5)   Other: 9.7ms
[2020-12-16T13:48:43.272+0000][1][gc,heap     ] GC(5) Eden regions: 68->0(304)
[2020-12-16T13:48:43.275+0000][1][gc,heap     ] GC(5) Survivor regions: 1->3(39)
[2020-12-16T13:48:43.276+0000][1][gc,heap     ] GC(5) Old regions: 9->9
[2020-12-16T13:48:43.277+0000][1][gc,heap     ] GC(5) Archive regions: 2->2
[2020-12-16T13:48:43.278+0000][1][gc,heap     ] GC(5) Humongous regions: 1->1
[2020-12-16T13:48:43.279+0000][1][gc,metaspace] GC(5) Metaspace: 20762K(21296K)->20762K(21296K) NonClass: 18202K(18608K)->18202K(18608K) Class: 2559K(2688K)->2559K(2688K)
[2020-12-16T13:48:43.280+0000][1][gc          ] GC(5) Pause Young (Concurrent Start) (Metadata GC Threshold) 78M->12M(512M) 36.150ms
[2020-12-16T13:48:43.281+0000][1][gc,cpu      ] GC(5) User=0.02s Sys=0.01s Real=0.04s
[2020-12-16T13:48:43.283+0000][1][safepoint   ] Safepoint "CollectForMetadataAllocation", Time since last: 1250877500 ns, Reaching safepoint: 386000 ns, At safepoint: 38491400 ns, Total: 38877400 ns
[2020-12-16T13:48:43.283+0000][1][gc          ] GC(6) Concurrent Cycle
[2020-12-16T13:48:43.295+0000][1][gc,marking  ] GC(6) Concurrent Clear Claimed Marks
[2020-12-16T13:48:43.296+0000][1][gc,marking  ] GC(6) Concurrent Clear Claimed Marks 0.987ms
[2020-12-16T13:48:43.297+0000][1][gc,marking  ] GC(6) Concurrent Scan Root Regions
[2020-12-16T13:48:43.302+0000][1][gc,marking  ] GC(6) Concurrent Scan Root Regions 4.740ms
[2020-12-16T13:48:43.303+0000][1][gc,marking  ] GC(6) Concurrent Mark (6.983s)
[2020-12-16T13:48:43.304+0000][1][gc,marking  ] GC(6) Concurrent Mark From Roots
[2020-12-16T13:48:43.306+0000][1][gc,task     ] GC(6) Using 1 workers of 1 for marking
[2020-12-16T13:48:43.320+0000][1][safepoint   ] Safepoint "CollectForMetadataAllocation", Time since last: 37281100 ns, Reaching safepoint: 397400 ns, At safepoint: 102100 ns, Total: 499500 ns
[2020-12-16T13:48:43.335+0000][1][gc,marking  ] GC(6) Concurrent Mark From Roots 30.947ms
[2020-12-16T13:48:43.336+0000][1][gc,marking  ] GC(6) Concurrent Preclean
[2020-12-16T13:48:43.337+0000][1][gc,marking  ] GC(6) Concurrent Preclean 1.071ms
[2020-12-16T13:48:43.340+0000][1][gc,marking  ] GC(6) Concurrent Mark (6.983s, 7.020s) 36.958ms
[2020-12-16T13:48:43.342+0000][1][gc,start    ] GC(6) Pause Remark
[2020-12-16T13:48:43.349+0000][1][gc          ] GC(6) Pause Remark 13M->13M(512M) 7.600ms
[2020-12-16T13:48:43.350+0000][1][gc,cpu      ] GC(6) User=0.01s Sys=0.01s Real=0.00s
[2020-12-16T13:48:43.352+0000][1][safepoint   ] Safepoint "G1Concurrent", Time since last: 20871300 ns, Reaching safepoint: 455100 ns, At safepoint: 9877400 ns, Total: 10332500 ns
[2020-12-16T13:48:43.353+0000][1][gc,marking  ] GC(6) Concurrent Rebuild Remembered Sets
[2020-12-16T13:48:43.370+0000][1][gc,marking  ] GC(6) Concurrent Rebuild Remembered Sets 16.963ms
[2020-12-16T13:48:43.371+0000][1][gc,start    ] GC(6) Pause Cleanup
[2020-12-16T13:48:43.375+0000][1][gc          ] GC(6) Pause Cleanup 13M->13M(512M) 3.147ms
[2020-12-16T13:48:43.377+0000][1][gc,cpu      ] GC(6) User=0.00s Sys=0.00s Real=0.00s
[2020-12-16T13:48:43.382+0000][1][safepoint   ] Safepoint "G1Concurrent", Time since last: 19460400 ns, Reaching safepoint: 496900 ns, At safepoint: 10654500 ns, Total: 11151400 ns
[2020-12-16T13:48:43.384+0000][1][gc,marking  ] GC(6) Concurrent Cleanup for Next Mark
[2020-12-16T13:48:43.394+0000][1][gc,marking  ] GC(6) Concurrent Cleanup for Next Mark 10.426ms
[2020-12-16T13:48:43.396+0000][1][gc          ] GC(6) Concurrent Cycle 113.024ms
[2020-12-16T13:48:44.110+0000][1][safepoint   ] Safepoint "ICBufferFull", Time since last: 728060400 ns, Reaching safepoint: 209300 ns, At safepoint: 5300 ns, Total: 214600 ns
[2020-12-16T13:48:44.180+0000][1][safepoint   ] Safepoint "ICBufferFull", Time since last: 69025300 ns, Reaching safepoint: 300700 ns, At safepoint: 8600 ns, Total: 309300 ns
[2020-12-16T13:48:44.201+0000][1][safepoint   ] Safepoint "ICBufferFull", Time since last: 20963100 ns, Reaching safepoint: 281800 ns, At safepoint: 8100 ns, Total: 289900 ns
[2020-12-16T13:48:44.226+0000][1][safepoint   ] Safepoint "ICBufferFull", Time since last: 24374900 ns, Reaching safepoint: 192100 ns, At safepoint: 5300 ns, Total: 197400 ns
[2020-12-16T13:48:44.243+0000][1][safepoint   ] Safepoint "ICBufferFull", Time since last: 16773500 ns, Reaching safepoint: 266900 ns, At safepoint: 8500 ns, Total: 275400 ns
[2020-12-16T13:48:44.259+0000][1][safepoint   ] Safepoint "ICBufferFull", Time since last: 15847500 ns, Reaching safepoint: 180900 ns, At safepoint: 5200 ns, Total: 186100 ns
[2020-12-16T13:48:44.269+0000][1][safepoint   ] Safepoint "ICBufferFull", Time since last: 10625900 ns, Reaching safepoint: 180300 ns, At safepoint: 4800 ns, Total: 185100 ns
[2020-12-16T13:48:44.282+0000][1][safepoint   ] Safepoint "ICBufferFull", Time since last: 12349600 ns, Reaching safepoint: 315000 ns, At safepoint: 10600 ns, Total: 325600 ns
[2020-12-16T13:48:44.292+0000][1][safepoint   ] Safepoint "ICBufferFull", Time since last: 9978000 ns, Reaching safepoint: 171100 ns, At safepoint: 4400 ns, Total: 175500 ns
[2020-12-16T13:48:44.307+0000][1][safepoint   ] Safepoint "ICBufferFull", Time since last: 14643100 ns, Reaching safepoint: 356600 ns, At safepoint: 8300 ns, Total: 364900 ns
[2020-12-16T13:48:44.323+0000][1][safepoint   ] Safepoint "ICBufferFull", Time since last: 15136500 ns, Reaching safepoint: 268700 ns, At safepoint: 8600 ns, Total: 277300 ns
[2020-12-16T13:48:44.336+0000][1][safepoint   ] Safepoint "ICBufferFull", Time since last: 13282300 ns, Reaching safepoint: 191400 ns, At safepoint: 6400 ns, Total: 197800 ns
[2020-12-16T13:48:44.346+0000][1][safepoint   ] Safepoint "ICBufferFull", Time since last: 9362600 ns, Reaching safepoint: 258500 ns, At safepoint: 7700 ns, Total: 266200 ns
[2020-12-16T13:48:44.367+0000][1][safepoint   ] Safepoint "ICBufferFull", Time since last: 21166600 ns, Reaching safepoint: 191700 ns, At safepoint: 5300 ns, Total: 197000 ns
[2020-12-16T13:48:44.382+0000][1][safepoint   ] Safepoint "ICBufferFull", Time since last: 14947100 ns, Reaching safepoint: 329700 ns, At safepoint: 7600 ns, Total: 337300 ns
[2020-12-16T13:48:44.395+0000][1][safepoint   ] Safepoint "ICBufferFull", Time since last: 12205400 ns, Reaching safepoint: 420100 ns, At safepoint: 7600 ns, Total: 427700 ns
[2020-12-16T13:48:44.409+0000][1][safepoint   ] Safepoint "ICBufferFull", Time since last: 13950200 ns, Reaching safepoint: 191400 ns, At safepoint: 5600 ns, Total: 197000 ns
[2020-12-16T13:48:44.423+0000][1][safepoint   ] Safepoint "ICBufferFull", Time since last: 13806500 ns, Reaching safepoint: 292800 ns, At safepoint: 8600 ns, Total: 301400 ns
[2020-12-16T13:48:44.440+0000][1][safepoint   ] Safepoint "ICBufferFull", Time since last: 16067800 ns, Reaching safepoint: 267800 ns, At safepoint: 8200 ns, Total: 276000 ns
[2020-12-16T13:48:44.466+0000][1][safepoint   ] Safepoint "ICBufferFull", Time since last: 25988600 ns, Reaching safepoint: 167200 ns, At safepoint: 4900 ns, Total: 172100 ns
[2020-12-16T13:48:44.471+0000][1][safepoint   ] Safepoint "ICBufferFull", Time since last: 4509400 ns, Reaching safepoint: 175300 ns, At safepoint: 6500 ns, Total: 181800 ns
[2020-12-16T13:48:44.474+0000][1][safepoint   ] Safepoint "ICBufferFull", Time since last: 3243900 ns, Reaching safepoint: 174400 ns, At safepoint: 5300 ns, Total: 179700 ns
[2020-12-16T13:48:44.479+0000][1][safepoint   ] Safepoint "ICBufferFull", Time since last: 5137400 ns, Reaching safepoint: 190000 ns, At safepoint: 7400 ns, Total: 197400 ns
[2020-12-16T13:48:44.483+0000][1][safepoint   ] Safepoint "ICBufferFull", Time since last: 3469600 ns, Reaching safepoint: 195200 ns, At safepoint: 5100 ns, Total: 200300 ns
[2020-12-16T13:48:44.494+0000][1][safepoint   ] Safepoint "ICBufferFull", Time since last: 11117700 ns, Reaching safepoint: 363800 ns, At safepoint: 10300 ns, Total: 374100 ns
[2020-12-16T13:48:44.499+0000][1][safepoint   ] Safepoint "ICBufferFull", Time since last: 4174400 ns, Reaching safepoint: 188500 ns, At safepoint: 6500 ns, Total: 195000 ns
[2020-12-16T13:48:44.502+0000][1][safepoint   ] Safepoint "ICBufferFull", Time since last: 3142700 ns, Reaching safepoint: 220400 ns, At safepoint: 6100 ns, Total: 226500 ns
[2020-12-16T13:48:44.513+0000][1][safepoint   ] Safepoint "ICBufferFull", Time since last: 11031500 ns, Reaching safepoint: 161000 ns, At safepoint: 5500 ns, Total: 166500 ns
[2020-12-16T13:48:44.519+0000][1][safepoint   ] Safepoint "ICBufferFull", Time since last: 5764300 ns, Reaching safepoint: 154000 ns, At safepoint: 6900 ns, Total: 160900 ns
[2020-12-16T13:48:44.524+0000][1][safepoint   ] Safepoint "ICBufferFull", Time since last: 4644900 ns, Reaching safepoint: 198300 ns, At safepoint: 7300 ns, Total: 205600 ns
[2020-12-16T13:48:44.531+0000][1][safepoint   ] Safepoint "ICBufferFull", Time since last: 6161500 ns, Reaching safepoint: 220900 ns, At safepoint: 7500 ns, Total: 228400 ns
[2020-12-16T13:48:44.538+0000][1][safepoint   ] Safepoint "ICBufferFull", Time since last: 6919200 ns, Reaching safepoint: 291000 ns, At safepoint: 7800 ns, Total: 298800 ns
[2020-12-16T13:48:44.554+0000][1][safepoint   ] Safepoint "ICBufferFull", Time since last: 16169900 ns, Reaching safepoint: 97900 ns, At safepoint: 29900 ns, Total: 127800 ns
[2020-12-16T13:48:44.570+0000][1][safepoint   ] Safepoint "ICBufferFull", Time since last: 15665000 ns, Reaching safepoint: 100300 ns, At safepoint: 4200 ns, Total: 104500 ns
[2020-12-16T13:48:44.586+0000][1][safepoint   ] Safepoint "ICBufferFull", Time since last: 16170700 ns, Reaching safepoint: 449700 ns, At safepoint: 9100 ns, Total: 458800 ns
[2020-12-16T13:48:44.603+0000][1][safepoint   ] Safepoint "ICBufferFull", Time since last: 16485300 ns, Reaching safepoint: 199900 ns, At safepoint: 7100 ns, Total: 207000 ns
[2020-12-16T13:48:44.620+0000][1][safepoint   ] Safepoint "ICBufferFull", Time since last: 16261700 ns, Reaching safepoint: 110500 ns, At safepoint: 21700 ns, Total: 132200 ns
[2020-12-16T13:48:44.645+0000][1][safepoint   ] Safepoint "ICBufferFull", Time since last: 24959100 ns, Reaching safepoint: 703700 ns, At safepoint: 9100 ns, Total: 712800 ns
[2020-12-16T13:48:44.678+0000][1][safepoint   ] Safepoint "ICBufferFull", Time since last: 32129100 ns, Reaching safepoint: 259300 ns, At safepoint: 8400 ns, Total: 267700 ns
[2020-12-16T13:48:44.713+0000][1][safepoint   ] Safepoint "ICBufferFull", Time since last: 35182000 ns, Reaching safepoint: 160900 ns, At safepoint: 5600 ns, Total: 166500 ns
[2020-12-16T13:48:44.727+0000][1][safepoint   ] Safepoint "ICBufferFull", Time since last: 13552100 ns, Reaching safepoint: 183800 ns, At safepoint: 5500 ns, Total: 189300 ns
[2020-12-16T13:48:45.813+0000][1][safepoint   ] Safepoint "ICBufferFull", Time since last: 1085490700 ns, Reaching safepoint: 914200 ns, At safepoint: 10100 ns, Total: 924300 ns
[2020-12-16T13:48:45.819+0000][1][safepoint   ] Safepoint "ICBufferFull", Time since last: 5578700 ns, Reaching safepoint: 205900 ns, At safepoint: 17500 ns, Total: 223400 ns
[2020-12-16T13:48:45.824+0000][1][safepoint   ] Safepoint "ICBufferFull", Time since last: 2966200 ns, Reaching safepoint: 2313600 ns, At safepoint: 11500 ns, Total: 2325100 ns
[2020-12-16T13:48:45.832+0000][1][safepoint   ] Safepoint "ICBufferFull", Time since last: 7438500 ns, Reaching safepoint: 164900 ns, At safepoint: 56100 ns, Total: 221000 ns
[2020-12-16T13:48:45.844+0000][1][safepoint   ] Safepoint "ICBufferFull", Time since last: 11623700 ns, Reaching safepoint: 189400 ns, At safepoint: 6300 ns, Total: 195700 ns
[2020-12-16T13:48:45.854+0000][1][safepoint   ] Safepoint "ICBufferFull", Time since last: 9663600 ns, Reaching safepoint: 283600 ns, At safepoint: 7800 ns, Total: 291400 ns
[2020-12-16T13:48:45.861+0000][1][safepoint   ] Safepoint "ICBufferFull", Time since last: 6849000 ns, Reaching safepoint: 431300 ns, At safepoint: 34600 ns, Total: 465900 ns
[2020-12-16T13:48:45.863+0000][1][safepoint   ] Safepoint "ICBufferFull", Time since last: 2122700 ns, Reaching safepoint: 177500 ns, At safepoint: 28800 ns, Total: 206300 ns
[2020-12-16T13:48:45.866+0000][1][safepoint   ] Safepoint "ICBufferFull", Time since last: 2653000 ns, Reaching safepoint: 186200 ns, At safepoint: 7300 ns, Total: 193500 ns
[2020-12-16T13:48:45.870+0000][1][safepoint   ] Safepoint "ICBufferFull", Time since last: 3392800 ns, Reaching safepoint: 157000 ns, At safepoint: 12600 ns, Total: 169600 ns
[2020-12-16T13:48:45.878+0000][1][safepoint   ] Safepoint "ICBufferFull", Time since last: 8129700 ns, Reaching safepoint: 362000 ns, At safepoint: 10400 ns, Total: 372400 ns
[2020-12-16T13:48:45.883+0000][1][safepoint   ] Safepoint "ICBufferFull", Time since last: 4437500 ns, Reaching safepoint: 499400 ns, At safepoint: 54500 ns, Total: 553900 ns
[2020-12-16T13:48:45.896+0000][1][safepoint   ] Safepoint "ICBufferFull", Time since last: 12071000 ns, Reaching safepoint: 214500 ns, At safepoint: 11000 ns, Total: 225500 ns
[2020-12-16T13:48:45.900+0000][1][safepoint   ] Safepoint "ICBufferFull", Time since last: 3765100 ns, Reaching safepoint: 357700 ns, At safepoint: 21300 ns, Total: 379000 ns
[2020-12-16T13:48:45.933+0000][1][safepoint   ] Safepoint "ICBufferFull", Time since last: 32907300 ns, Reaching safepoint: 94500 ns, At safepoint: 6400 ns, Total: 100900 ns
[2020-12-16T13:48:45.940+0000][1][safepoint   ] Safepoint "ICBufferFull", Time since last: 6861100 ns, Reaching safepoint: 89900 ns, At safepoint: 5000 ns, Total: 94900 ns
[2020-12-16T13:48:45.951+0000][1][safepoint   ] Safepoint "ICBufferFull", Time since last: 11585700 ns, Reaching safepoint: 151900 ns, At safepoint: 7200 ns, Total: 159100 ns
[2020-12-16T13:48:45.964+0000][1][safepoint   ] Safepoint "ICBufferFull", Time since last: 12641300 ns, Reaching safepoint: 261300 ns, At safepoint: 8200 ns, Total: 269500 ns
[2020-12-16T13:48:45.981+0000][1][safepoint   ] Safepoint "ICBufferFull", Time since last: 16102900 ns, Reaching safepoint: 172800 ns, At safepoint: 5400 ns, Total: 178200 ns
[2020-12-16T13:48:45.986+0000][1][safepoint   ] Safepoint "ICBufferFull", Time since last: 5019700 ns, Reaching safepoint: 189900 ns, At safepoint: 6300 ns, Total: 196200 ns
[2020-12-16T13:48:46.302+0000][1][safepoint   ] Safepoint "ICBufferFull", Time since last: 315782600 ns, Reaching safepoint: 240500 ns, At safepoint: 34500 ns, Total: 275000 ns
[2020-12-16T13:48:47.306+0000][1][safepoint   ] Safepoint "Cleanup", Time since last: 1003835100 ns, Reaching safepoint: 298200 ns, At safepoint: 6200 ns, Total: 304400 ns
[2020-12-16T13:48:48.456+0000][1][safepoint   ] Safepoint "Cleanup", Time since last: 1150034200 ns, Reaching safepoint: 212700 ns, At safepoint: 4500 ns, Total: 217200 ns
[2020-12-16T13:48:49.459+0000][1][gc,start    ] GC(7) Pause Young (Concurrent Start) (Metadata GC Threshold)
[2020-12-16T13:48:49.460+0000][1][gc,task     ] GC(7) Using 2 workers of 2 for evacuation
[2020-12-16T13:48:49.461+0000][1][gc,age      ] GC(7) Desired survivor size 20447232 bytes, new threshold 15 (max threshold 15)
[2020-12-16T13:48:49.504+0000][1][gc,age      ] GC(7) Age table with threshold 15 (max threshold 15)
[2020-12-16T13:48:49.510+0000][1][gc,age      ] GC(7) - age   1:    5581336 bytes,    5581336 total
[2020-12-16T13:48:49.511+0000][1][gc,age      ] GC(7) - age   2:    1641104 bytes,    7222440 total
[2020-12-16T13:48:49.512+0000][1][gc,age      ] GC(7) - age   3:      27064 bytes,    7249504 total
[2020-12-16T13:48:49.512+0000][1][gc,age      ] GC(7) - age   4:      69192 bytes,    7318696 total
[2020-12-16T13:48:49.513+0000][1][gc,age      ] GC(7) - age   5:     157384 bytes,    7476080 total
[2020-12-16T13:48:49.515+0000][1][gc,phases   ] GC(7)   Pre Evacuate Collection Set: 0.5ms
[2020-12-16T13:48:49.516+0000][1][gc,phases   ] GC(7)   Merge Heap Roots: 0.2ms
[2020-12-16T13:48:49.517+0000][1][gc,phases   ] GC(7)   Evacuate Collection Set: 39.8ms
[2020-12-16T13:48:49.518+0000][1][gc,phases   ] GC(7)   Post Evacuate Collection Set: 1.9ms
[2020-12-16T13:48:49.519+0000][1][gc,phases   ] GC(7)   Other: 13.2ms
[2020-12-16T13:48:49.520+0000][1][gc,heap     ] GC(7) Eden regions: 119->0(299)
[2020-12-16T13:48:49.523+0000][1][gc,heap     ] GC(7) Survivor regions: 3->8(39)
[2020-12-16T13:48:49.526+0000][1][gc,heap     ] GC(7) Old regions: 9->9
[2020-12-16T13:48:49.527+0000][1][gc,heap     ] GC(7) Archive regions: 2->2
[2020-12-16T13:48:49.528+0000][1][gc,heap     ] GC(7) Humongous regions: 2->1
[2020-12-16T13:48:49.530+0000][1][gc,metaspace] GC(7) Metaspace: 35420K(36352K)->35420K(36352K) NonClass: 30797K(31488K)->30797K(31488K) Class: 4622K(4864K)->4622K(4864K)
[2020-12-16T13:48:49.531+0000][1][gc          ] GC(7) Pause Young (Concurrent Start) (Metadata GC Threshold) 132M->17M(512M) 72.190ms
[2020-12-16T13:48:49.532+0000][1][gc,cpu      ] GC(7) User=0.12s Sys=0.01s Real=0.08s
[2020-12-16T13:48:49.533+0000][1][gc          ] GC(8) Concurrent Cycle
[2020-12-16T13:48:49.534+0000][1][gc,marking  ] GC(8) Concurrent Clear Claimed Marks
[2020-12-16T13:48:49.536+0000][1][gc,marking  ] GC(8) Concurrent Clear Claimed Marks 1.275ms
[2020-12-16T13:48:49.537+0000][1][gc,marking  ] GC(8) Concurrent Scan Root Regions
[2020-12-16T13:48:49.533+0000][1][safepoint   ] Safepoint "CollectForMetadataAllocation", Time since last: 1002446300 ns, Reaching safepoint: 327500 ns, At safepoint: 74355500 ns, Total: 74683000 ns
[2020-12-16T13:48:49.549+0000][1][gc,marking  ] GC(8) Concurrent Scan Root Regions 12.117ms
[2020-12-16T13:48:49.550+0000][1][gc,marking  ] GC(8) Concurrent Mark (13.230s)
[2020-12-16T13:48:49.551+0000][1][gc,marking  ] GC(8) Concurrent Mark From Roots
[2020-12-16T13:48:49.553+0000][1][gc,task     ] GC(8) Using 1 workers of 1 for marking
[2020-12-16T13:48:49.576+0000][1][gc,marking  ] GC(8) Concurrent Mark From Roots 24.905ms
[2020-12-16T13:48:49.577+0000][1][gc,marking  ] GC(8) Concurrent Preclean
[2020-12-16T13:48:49.578+0000][1][gc,marking  ] GC(8) Concurrent Preclean 1.116ms
[2020-12-16T13:48:49.579+0000][1][gc,marking  ] GC(8) Concurrent Mark (13.230s, 13.259s) 29.116ms
[2020-12-16T13:48:49.580+0000][1][gc,start    ] GC(8) Pause Remark
[2020-12-16T13:48:49.592+0000][1][gc          ] GC(8) Pause Remark 18M->18M(512M) 11.253ms
[2020-12-16T13:48:49.593+0000][1][gc,cpu      ] GC(8) User=0.02s Sys=0.01s Real=0.02s
[2020-12-16T13:48:49.594+0000][1][safepoint   ] Safepoint "G1Concurrent", Time since last: 46863000 ns, Reaching safepoint: 193400 ns, At safepoint: 13251100 ns, Total: 13444500 ns
[2020-12-16T13:48:49.595+0000][1][gc,marking  ] GC(8) Concurrent Rebuild Remembered Sets
[2020-12-16T13:48:49.619+0000][1][gc,marking  ] GC(8) Concurrent Rebuild Remembered Sets 23.790ms
[2020-12-16T13:48:49.696+0000][1][gc,start    ] GC(8) Pause Cleanup
[2020-12-16T13:48:49.698+0000][1][gc          ] GC(8) Pause Cleanup 19M->19M(512M) 1.606ms
[2020-12-16T13:48:49.700+0000][1][gc,cpu      ] GC(8) User=0.01s Sys=0.00s Real=0.01s
[2020-12-16T13:48:49.701+0000][1][safepoint   ] Safepoint "G1Concurrent", Time since last: 102128400 ns, Reaching safepoint: 519700 ns, At safepoint: 4479000 ns, Total: 4998700 ns
[2020-12-16T13:48:49.718+0000][1][gc,marking  ] GC(8) Concurrent Cleanup for Next Mark
[2020-12-16T13:48:49.768+0000][1][gc,marking  ] GC(8) Concurrent Cleanup for Next Mark 49.529ms
[2020-12-16T13:48:49.782+0000][1][gc          ] GC(8) Concurrent Cycle 248.804ms
[2020-12-16T13:48:50.720+0000][1][safepoint   ] Safepoint "Cleanup", Time since last: 1017250700 ns, Reaching safepoint: 1550000 ns, At safepoint: 22200 ns, Total: 1572200 ns
[2020-12-16T13:48:51.736+0000][1][safepoint   ] Safepoint "Cleanup", Time since last: 1016554000 ns, Reaching safepoint: 306800 ns, At safepoint: 13300 ns, Total: 320100 ns
[2020-12-16T13:48:52.750+0000][1][safepoint   ] Safepoint "Cleanup", Time since last: 1010951500 ns, Reaching safepoint: 2644500 ns, At safepoint: 6300 ns, Total: 2650800 ns
[2020-12-16T13:48:54.184+0000][1][safepoint   ] Safepoint "Cleanup", Time since last: 1434018800 ns, Reaching safepoint: 280400 ns, At safepoint: 90100 ns, Total: 370500 ns
[2020-12-16T13:48:54.991+0000][1][safepoint   ] Safepoint "ICBufferFull", Time since last: 805871000 ns, Reaching safepoint: 269400 ns, At safepoint: 28800 ns, Total: 298200 ns
[2020-12-16T13:48:55.998+0000][1][safepoint   ] Safepoint "Cleanup", Time since last: 1006979400 ns, Reaching safepoint: 441400 ns, At safepoint: 71600 ns, Total: 513000 ns
[2020-12-16T13:48:56.999+0000][1][safepoint   ] Safepoint "Cleanup", Time since last: 1000708600 ns, Reaching safepoint: 170000 ns, At safepoint: 3000 ns, Total: 173000 ns
[2020-12-16T13:48:58.001+0000][1][safepoint   ] Safepoint "Cleanup", Time since last: 1001593900 ns, Reaching safepoint: 164400 ns, At safepoint: 2200 ns, Total: 166600 ns
[2020-12-16T13:48:59.012+0000][1][safepoint   ] Safepoint "Cleanup", Time since last: 1010687200 ns, Reaching safepoint: 167100 ns, At safepoint: 2200 ns, Total: 169300 ns
[2020-12-16T13:49:00.273+0000][1][safepoint   ] Safepoint "Cleanup", Time since last: 1260715000 ns, Reaching safepoint: 325800 ns, At safepoint: 11900 ns, Total: 337700 ns
[2020-12-16T13:49:01.278+0000][1][safepoint   ] Safepoint "Cleanup", Time since last: 1005000300 ns, Reaching safepoint: 181300 ns, At safepoint: 2500 ns, Total: 183800 ns
[2020-12-16T13:49:03.280+0000][1][safepoint   ] Safepoint "Cleanup", Time since last: 2001842000 ns, Reaching safepoint: 115900 ns, At safepoint: 2200 ns, Total: 118100 ns
[2020-12-16T13:49:04.283+0000][1][safepoint   ] Safepoint "Cleanup", Time since last: 1002397400 ns, Reaching safepoint: 199600 ns, At safepoint: 19100 ns, Total: 218700 ns
[2020-12-16T13:49:07.292+0000][1][safepoint   ] Safepoint "Cleanup", Time since last: 3008691300 ns, Reaching safepoint: 154300 ns, At safepoint: 4300 ns, Total: 158600 ns
[2020-12-16T13:49:11.293+0000][1][safepoint   ] Safepoint "Cleanup", Time since last: 4001660000 ns, Reaching safepoint: 160500 ns, At safepoint: 4100 ns, Total: 164600 ns
[2020-12-16T13:49:14.296+0000][1][safepoint   ] Safepoint "Cleanup", Time since last: 3002832300 ns, Reaching safepoint: 152300 ns, At safepoint: 4200 ns, Total: 156500 ns
[2020-12-16T13:49:19.300+0000][1][safepoint   ] Safepoint "Cleanup", Time since last: 5002985200 ns, Reaching safepoint: 164600 ns, At safepoint: 2300 ns, Total: 166900 ns
[2020-12-16T13:49:30.304+0000][1][safepoint   ] Safepoint "Cleanup", Time since last: 11003260300 ns, Reaching safepoint: 174500 ns, At safepoint: 2600 ns, Total: 177100 ns
[2020-12-16T13:49:32.306+0000][1][safepoint   ] Safepoint "Cleanup", Time since last: 2002172900 ns, Reaching safepoint: 191500 ns, At safepoint: 5700 ns, Total: 197200 ns
[2020-12-16T13:49:36.211+0000][1][gc,heap,exit] Heap
[2020-12-16T13:49:36.264+0000][1][gc,heap,exit]  garbage-first heap   total 524288K, used 119609K [0x00000000e0000000, 0x0000000100000000)
[2020-12-16T13:49:36.267+0000][1][gc,heap,exit]   region size 1024K, 108 young (110592K), 8 survivors (8192K)
[2020-12-16T13:49:36.270+0000][1][gc,heap,exit]  Metaspace       used 55730K, capacity 56536K, committed 57344K, reserved 1099776K
[2020-12-16T13:49:36.272+0000][1][gc,heap,exit]   class space    used 7583K, capacity 7858K, committed 7936K, reserved 1048576K
